// Jest Snapshot v1, https://goo.gl/fbAQLP

exports[`matches snapshot 1`] = `
<div>
  <div>
    <div
      class="EditableTodo"
    >
      <div
        class="mb-3"
      >
        <div
          class="float-end text-sm-end"
        >
          <button
            class="EditableTodo-toggle btn-link btn btn-sm"
          >
            Edit
          </button>
          <button
            class="EditableTodo-delBtn btn-link btn btn-sm text-danger"
          >
            Del
          </button>
        </div>
        <div
          class="Todo"
        >
          <div>
            <b>
              Code!
            </b>
             
            <small>
              2
            </small>
          </div>
          <div>
            <small>
              Write some code
            </small>
          </div>
        </div>
      </div>
    </div>
    <div
      class="EditableTodo"
    >
      <div
        class="mb-3"
      >
        <div
          class="float-end text-sm-end"
        >
          <button
            class="EditableTodo-toggle btn-link btn btn-sm"
          >
            Edit
          </button>
          <button
            class="EditableTodo-delBtn btn-link btn btn-sm text-danger"
          >
            Del
          </button>
        </div>
        <div
          class="Todo"
        >
          <div>
            <b>
              Make dinner
            </b>
             
            <small>
              1
            </small>
          </div>
          <div>
            <small>
              Cook something healthy
            </small>
          </div>
        </div>
      </div>
    </div>
    <div
      class="EditableTodo"
    >
      <div
        class="mb-3"
      >
        <div
          class="float-end text-sm-end"
        >
          <button
            class="EditableTodo-toggle btn-link btn btn-sm"
          >
            Edit
          </button>
          <button
            class="EditableTodo-delBtn btn-link btn btn-sm text-danger"
          >
            Del
          </button>
        </div>
        <div
          class="Todo"
        >
          <div>
            <b>
              Go to bed
            </b>
             
            <small>
              3
            </small>
          </div>
          <div>
            <small>
              In bed by 11:15
            </small>
          </div>
        </div>
      </div>
    </div>
  </div>
</div>
`;
