// Jest Snapshot v1, https://goo.gl/fbAQLP

exports[`matches snapshot 1`] = `
<div>
  <div
    class="Todo"
  >
    <div>
      <b>
        Code!
      </b>
       
      <small>
        2
      </small>
    </div>
    <div>
      <small>
        Write some code
      </small>
    </div>
  </div>
</div>
`;
